// Jest Snapshot v1, https://goo.gl/fbAQLP

exports[`matches snapshot 1`] = `
ShallowWrapper {
  "length": 1,
  Symbol(enzyme.__root__): [Circular],
  Symbol(enzyme.__unrendered__): <App />,
  Symbol(enzyme.__renderer__): Object {
    "batchedUpdates": [Function],
    "getNode": [Function],
    "render": [Function],
    "simulateEvent": [Function],
    "unmount": [Function],
  },
  Symbol(enzyme.__node__): Object {
    "instance": null,
    "key": undefined,
    "nodeType": "class",
    "props": Object {
      "children": Array [
        <Map
          followPosition={true}
          marker={Array []}
          position={null}
        />,
        <Component
          style={
            Object {
              "left": 0,
              "position": "absolute",
              "right": 0,
              "top": 0,
            }
          }
        />,
        <Component
          style={
            Object {
              "bottom": 0,
              "left": 0,
              "position": "absolute",
              "right": 0,
            }
          }
        >
          <Component
            style={
              Object {
                "alignItems": "flex-end",
                "flex": 1,
                "flexDirection": "row",
                "justifyContent": "space-between",
                "margin": 5,
                "marginBottom": 40,
              }
            }
          >
            <Button
              color="tomato"
              iconName="fiber-manual-record"
              onPress={[Function]}
            />
          </Component>
          <Toolbar
            followUserLocation={true}
            onToggleShowBikecomputer={[Function]}
            onToggleShowMenu={[Function]}
            onToggleShowSearch={[Function]}
            onToggleUserLocation={[Function]}
          />
        </Component>,
      ],
      "style": Object {
        "bottom": 0,
        "left": 0,
        "position": "absolute",
        "right": 0,
        "top": 0,
      },
    },
    "ref": null,
    "rendered": Array [
      Object {
        "instance": null,
        "key": undefined,
        "nodeType": "class",
        "props": Object {
          "followPosition": true,
          "marker": Array [],
          "position": null,
        },
        "ref": null,
        "rendered": null,
        "type": [Function],
      },
      Object {
        "instance": null,
        "key": undefined,
        "nodeType": "class",
        "props": Object {
          "children": Array [
            null,
            false,
          ],
          "style": Object {
            "left": 0,
            "position": "absolute",
            "right": 0,
            "top": 0,
          },
        },
        "ref": null,
        "rendered": Array [
          null,
          false,
        ],
        "type": [Function],
      },
      Object {
        "instance": null,
        "key": undefined,
        "nodeType": "class",
        "props": Object {
          "children": Array [
            <Component
              style={
                Object {
                  "alignItems": "flex-end",
                  "flex": 1,
                  "flexDirection": "row",
                  "justifyContent": "space-between",
                  "margin": 5,
                  "marginBottom": 40,
                }
              }
            >
              <Button
                color="tomato"
                iconName="fiber-manual-record"
                onPress={[Function]}
              />
            </Component>,
            false,
            <Toolbar
              followUserLocation={true}
              onToggleShowBikecomputer={[Function]}
              onToggleShowMenu={[Function]}
              onToggleShowSearch={[Function]}
              onToggleUserLocation={[Function]}
            />,
          ],
          "style": Object {
            "bottom": 0,
            "left": 0,
            "position": "absolute",
            "right": 0,
          },
        },
        "ref": null,
        "rendered": Array [
          Object {
            "instance": null,
            "key": undefined,
            "nodeType": "class",
            "props": Object {
              "children": <Button
                color="tomato"
                iconName="fiber-manual-record"
                onPress={[Function]}
              />,
              "style": Object {
                "alignItems": "flex-end",
                "flex": 1,
                "flexDirection": "row",
                "justifyContent": "space-between",
                "margin": 5,
                "marginBottom": 40,
              },
            },
            "ref": null,
            "rendered": Object {
              "instance": null,
              "key": undefined,
              "nodeType": "class",
              "props": Object {
                "color": "tomato",
                "iconName": "fiber-manual-record",
                "onPress": [Function],
              },
              "ref": null,
              "rendered": null,
              "type": [Function],
            },
            "type": [Function],
          },
          false,
          Object {
            "instance": null,
            "key": undefined,
            "nodeType": "function",
            "props": Object {
              "followUserLocation": true,
              "onToggleShowBikecomputer": [Function],
              "onToggleShowMenu": [Function],
              "onToggleShowSearch": [Function],
              "onToggleUserLocation": [Function],
            },
            "ref": null,
            "rendered": null,
            "type": [Function],
          },
        ],
        "type": [Function],
      },
    ],
    "type": [Function],
  },
  Symbol(enzyme.__nodes__): Array [
    Object {
      "instance": null,
      "key": undefined,
      "nodeType": "class",
      "props": Object {
        "children": Array [
          <Map
            followPosition={true}
            marker={Array []}
            position={null}
          />,
          <Component
            style={
              Object {
                "left": 0,
                "position": "absolute",
                "right": 0,
                "top": 0,
              }
            }
          />,
          <Component
            style={
              Object {
                "bottom": 0,
                "left": 0,
                "position": "absolute",
                "right": 0,
              }
            }
          >
            <Component
              style={
                Object {
                  "alignItems": "flex-end",
                  "flex": 1,
                  "flexDirection": "row",
                  "justifyContent": "space-between",
                  "margin": 5,
                  "marginBottom": 40,
                }
              }
            >
              <Button
                color="tomato"
                iconName="fiber-manual-record"
                onPress={[Function]}
              />
            </Component>
            <Toolbar
              followUserLocation={true}
              onToggleShowBikecomputer={[Function]}
              onToggleShowMenu={[Function]}
              onToggleShowSearch={[Function]}
              onToggleUserLocation={[Function]}
            />
          </Component>,
        ],
        "style": Object {
          "bottom": 0,
          "left": 0,
          "position": "absolute",
          "right": 0,
          "top": 0,
        },
      },
      "ref": null,
      "rendered": Array [
        Object {
          "instance": null,
          "key": undefined,
          "nodeType": "class",
          "props": Object {
            "followPosition": true,
            "marker": Array [],
            "position": null,
          },
          "ref": null,
          "rendered": null,
          "type": [Function],
        },
        Object {
          "instance": null,
          "key": undefined,
          "nodeType": "class",
          "props": Object {
            "children": Array [
              null,
              false,
            ],
            "style": Object {
              "left": 0,
              "position": "absolute",
              "right": 0,
              "top": 0,
            },
          },
          "ref": null,
          "rendered": Array [
            null,
            false,
          ],
          "type": [Function],
        },
        Object {
          "instance": null,
          "key": undefined,
          "nodeType": "class",
          "props": Object {
            "children": Array [
              <Component
                style={
                  Object {
                    "alignItems": "flex-end",
                    "flex": 1,
                    "flexDirection": "row",
                    "justifyContent": "space-between",
                    "margin": 5,
                    "marginBottom": 40,
                  }
                }
              >
                <Button
                  color="tomato"
                  iconName="fiber-manual-record"
                  onPress={[Function]}
                />
              </Component>,
              false,
              <Toolbar
                followUserLocation={true}
                onToggleShowBikecomputer={[Function]}
                onToggleShowMenu={[Function]}
                onToggleShowSearch={[Function]}
                onToggleUserLocation={[Function]}
              />,
            ],
            "style": Object {
              "bottom": 0,
              "left": 0,
              "position": "absolute",
              "right": 0,
            },
          },
          "ref": null,
          "rendered": Array [
            Object {
              "instance": null,
              "key": undefined,
              "nodeType": "class",
              "props": Object {
                "children": <Button
                  color="tomato"
                  iconName="fiber-manual-record"
                  onPress={[Function]}
                />,
                "style": Object {
                  "alignItems": "flex-end",
                  "flex": 1,
                  "flexDirection": "row",
                  "justifyContent": "space-between",
                  "margin": 5,
                  "marginBottom": 40,
                },
              },
              "ref": null,
              "rendered": Object {
                "instance": null,
                "key": undefined,
                "nodeType": "class",
                "props": Object {
                  "color": "tomato",
                  "iconName": "fiber-manual-record",
                  "onPress": [Function],
                },
                "ref": null,
                "rendered": null,
                "type": [Function],
              },
              "type": [Function],
            },
            false,
            Object {
              "instance": null,
              "key": undefined,
              "nodeType": "function",
              "props": Object {
                "followUserLocation": true,
                "onToggleShowBikecomputer": [Function],
                "onToggleShowMenu": [Function],
                "onToggleShowSearch": [Function],
                "onToggleUserLocation": [Function],
              },
              "ref": null,
              "rendered": null,
              "type": [Function],
            },
          ],
          "type": [Function],
        },
      ],
      "type": [Function],
    },
  ],
  Symbol(enzyme.__options__): Object {
    "adapter": ReactSixteenAdapter {
      "options": Object {
        "enableComponentDidUpdateOnSetState": true,
      },
    },
  },
}
`;
