// Jest Snapshot v1, https://goo.gl/fbAQLP

exports[`matches snapshot 1`] = `
ShallowWrapper {
  "length": 1,
  Symbol(enzyme.__root__): [Circular],
  Symbol(enzyme.__unrendered__): <Button
    iconName="search"
    onPress={[MockFunction]}
  />,
  Symbol(enzyme.__renderer__): Object {
    "batchedUpdates": [Function],
    "getNode": [Function],
    "render": [Function],
    "simulateEvent": [Function],
    "unmount": [Function],
  },
  Symbol(enzyme.__node__): Object {
    "instance": null,
    "key": undefined,
    "nodeType": "class",
    "props": Object {
      "activeOpacity": 0.2,
      "children": <Icon
        allowFontScaling={false}
        name="search"
        size={20}
        style={Object {}}
      />,
      "onPress": [MockFunction],
      "style": Array [
        Object {
          "alignItems": "center",
          "backgroundColor": "transparent",
          "height": 50,
          "justifyContent": "center",
          "margin": 5,
          "width": 50,
        },
        Object {},
      ],
    },
    "ref": null,
    "rendered": Object {
      "instance": null,
      "key": undefined,
      "nodeType": "class",
      "props": Object {
        "allowFontScaling": false,
        "name": "search",
        "size": 20,
        "style": Object {},
      },
      "ref": null,
      "rendered": null,
      "type": [Function],
    },
    "type": [Function],
  },
  Symbol(enzyme.__nodes__): Array [
    Object {
      "instance": null,
      "key": undefined,
      "nodeType": "class",
      "props": Object {
        "activeOpacity": 0.2,
        "children": <Icon
          allowFontScaling={false}
          name="search"
          size={20}
          style={Object {}}
        />,
        "onPress": [MockFunction],
        "style": Array [
          Object {
            "alignItems": "center",
            "backgroundColor": "transparent",
            "height": 50,
            "justifyContent": "center",
            "margin": 5,
            "width": 50,
          },
          Object {},
        ],
      },
      "ref": null,
      "rendered": Object {
        "instance": null,
        "key": undefined,
        "nodeType": "class",
        "props": Object {
          "allowFontScaling": false,
          "name": "search",
          "size": 20,
          "style": Object {},
        },
        "ref": null,
        "rendered": null,
        "type": [Function],
      },
      "type": [Function],
    },
  ],
  Symbol(enzyme.__options__): Object {
    "adapter": ReactSixteenAdapter {
      "options": Object {
        "enableComponentDidUpdateOnSetState": true,
      },
    },
  },
}
`;
