// Jest Snapshot v1, https://goo.gl/fbAQLP

exports[`matches snapshot 1`] = `
ShallowWrapper {
  "length": 1,
  Symbol(enzyme.__root__): [Circular],
  Symbol(enzyme.__unrendered__): <Search
    onClose={[MockFunction]}
    onItemSelect={[MockFunction]}
    position={
      Object {
        "coords": Object {
          "latitude": 50,
          "longitude": 20,
        },
      }
    }
  />,
  Symbol(enzyme.__renderer__): Object {
    "batchedUpdates": [Function],
    "getNode": [Function],
    "render": [Function],
    "simulateEvent": [Function],
    "unmount": [Function],
  },
  Symbol(enzyme.__node__): Object {
    "instance": null,
    "key": undefined,
    "nodeType": "class",
    "props": Object {
      "children": Array [
        <Component
          style={
            Object {
              "flexDirection": "row",
            }
          }
        >
          <Component
            style={
              Object {
                "flex": 1,
              }
            }
          >
            <TextInput
              autoFocus={true}
              onChangeText={[Function]}
              placeholder="City / POI"
              style={
                Object {
                  "marginRight": 10,
                  "paddingBottom": 10,
                  "paddingTop": 10,
                }
              }
            />
          </Component>
          <Component
            style={
              Object {
                "flex": 0,
              }
            }
          >
            <Button
              iconName="close"
              onPress={[MockFunction]}
            />
          </Component>
        </Component>,
        false,
      ],
      "style": Object {
        "backgroundColor": "#fff",
        "opacity": 0.95,
        "padding": 10,
      },
    },
    "ref": null,
    "rendered": Array [
      Object {
        "instance": null,
        "key": undefined,
        "nodeType": "class",
        "props": Object {
          "children": Array [
            <Component
              style={
                Object {
                  "flex": 1,
                }
              }
            >
              <TextInput
                autoFocus={true}
                onChangeText={[Function]}
                placeholder="City / POI"
                style={
                  Object {
                    "marginRight": 10,
                    "paddingBottom": 10,
                    "paddingTop": 10,
                  }
                }
              />
            </Component>,
            <Component
              style={
                Object {
                  "flex": 0,
                }
              }
            >
              <Button
                iconName="close"
                onPress={[MockFunction]}
              />
            </Component>,
          ],
          "style": Object {
            "flexDirection": "row",
          },
        },
        "ref": null,
        "rendered": Array [
          Object {
            "instance": null,
            "key": undefined,
            "nodeType": "class",
            "props": Object {
              "children": <TextInput
                autoFocus={true}
                onChangeText={[Function]}
                placeholder="City / POI"
                style={
                  Object {
                    "marginRight": 10,
                    "paddingBottom": 10,
                    "paddingTop": 10,
                  }
                }
              />,
              "style": Object {
                "flex": 1,
              },
            },
            "ref": null,
            "rendered": Object {
              "instance": null,
              "key": undefined,
              "nodeType": "class",
              "props": Object {
                "autoFocus": true,
                "onChangeText": [Function],
                "placeholder": "City / POI",
                "style": Object {
                  "marginRight": 10,
                  "paddingBottom": 10,
                  "paddingTop": 10,
                },
              },
              "ref": null,
              "rendered": null,
              "type": [Function],
            },
            "type": [Function],
          },
          Object {
            "instance": null,
            "key": undefined,
            "nodeType": "class",
            "props": Object {
              "children": <Button
                iconName="close"
                onPress={[MockFunction]}
              />,
              "style": Object {
                "flex": 0,
              },
            },
            "ref": null,
            "rendered": Object {
              "instance": null,
              "key": undefined,
              "nodeType": "function",
              "props": Object {
                "iconName": "close",
                "onPress": [MockFunction],
              },
              "ref": null,
              "rendered": null,
              "type": [Function],
            },
            "type": [Function],
          },
        ],
        "type": [Function],
      },
      false,
    ],
    "type": [Function],
  },
  Symbol(enzyme.__nodes__): Array [
    Object {
      "instance": null,
      "key": undefined,
      "nodeType": "class",
      "props": Object {
        "children": Array [
          <Component
            style={
              Object {
                "flexDirection": "row",
              }
            }
          >
            <Component
              style={
                Object {
                  "flex": 1,
                }
              }
            >
              <TextInput
                autoFocus={true}
                onChangeText={[Function]}
                placeholder="City / POI"
                style={
                  Object {
                    "marginRight": 10,
                    "paddingBottom": 10,
                    "paddingTop": 10,
                  }
                }
              />
            </Component>
            <Component
              style={
                Object {
                  "flex": 0,
                }
              }
            >
              <Button
                iconName="close"
                onPress={[MockFunction]}
              />
            </Component>
          </Component>,
          false,
        ],
        "style": Object {
          "backgroundColor": "#fff",
          "opacity": 0.95,
          "padding": 10,
        },
      },
      "ref": null,
      "rendered": Array [
        Object {
          "instance": null,
          "key": undefined,
          "nodeType": "class",
          "props": Object {
            "children": Array [
              <Component
                style={
                  Object {
                    "flex": 1,
                  }
                }
              >
                <TextInput
                  autoFocus={true}
                  onChangeText={[Function]}
                  placeholder="City / POI"
                  style={
                    Object {
                      "marginRight": 10,
                      "paddingBottom": 10,
                      "paddingTop": 10,
                    }
                  }
                />
              </Component>,
              <Component
                style={
                  Object {
                    "flex": 0,
                  }
                }
              >
                <Button
                  iconName="close"
                  onPress={[MockFunction]}
                />
              </Component>,
            ],
            "style": Object {
              "flexDirection": "row",
            },
          },
          "ref": null,
          "rendered": Array [
            Object {
              "instance": null,
              "key": undefined,
              "nodeType": "class",
              "props": Object {
                "children": <TextInput
                  autoFocus={true}
                  onChangeText={[Function]}
                  placeholder="City / POI"
                  style={
                    Object {
                      "marginRight": 10,
                      "paddingBottom": 10,
                      "paddingTop": 10,
                    }
                  }
                />,
                "style": Object {
                  "flex": 1,
                },
              },
              "ref": null,
              "rendered": Object {
                "instance": null,
                "key": undefined,
                "nodeType": "class",
                "props": Object {
                  "autoFocus": true,
                  "onChangeText": [Function],
                  "placeholder": "City / POI",
                  "style": Object {
                    "marginRight": 10,
                    "paddingBottom": 10,
                    "paddingTop": 10,
                  },
                },
                "ref": null,
                "rendered": null,
                "type": [Function],
              },
              "type": [Function],
            },
            Object {
              "instance": null,
              "key": undefined,
              "nodeType": "class",
              "props": Object {
                "children": <Button
                  iconName="close"
                  onPress={[MockFunction]}
                />,
                "style": Object {
                  "flex": 0,
                },
              },
              "ref": null,
              "rendered": Object {
                "instance": null,
                "key": undefined,
                "nodeType": "function",
                "props": Object {
                  "iconName": "close",
                  "onPress": [MockFunction],
                },
                "ref": null,
                "rendered": null,
                "type": [Function],
              },
              "type": [Function],
            },
          ],
          "type": [Function],
        },
        false,
      ],
      "type": [Function],
    },
  ],
  Symbol(enzyme.__options__): Object {
    "adapter": ReactSixteenAdapter {
      "options": Object {
        "enableComponentDidUpdateOnSetState": true,
      },
    },
  },
}
`;
