// Jest Snapshot v1, https://goo.gl/fbAQLP

exports[`matches snapshot 1`] = `
ShallowWrapper {
  "length": 1,
  Symbol(enzyme.__root__): [Circular],
  Symbol(enzyme.__unrendered__): <Toolbar
    followUserLocation={false}
    onToggleShowBikecomputer={[MockFunction]}
    onToggleShowMenu={[MockFunction]}
    onToggleShowSearch={[MockFunction]}
    onToggleUserLocation={[MockFunction]}
  />,
  Symbol(enzyme.__renderer__): Object {
    "batchedUpdates": [Function],
    "getNode": [Function],
    "render": [Function],
    "simulateEvent": [Function],
    "unmount": [Function],
  },
  Symbol(enzyme.__node__): Object {
    "instance": null,
    "key": undefined,
    "nodeType": "class",
    "props": Object {
      "children": Array [
        <TouchableOpacity
          activeOpacity={0.2}
          onPress={[MockFunction]}
          style={
            Object {
              "alignItems": "center",
              "backgroundColor": "transparent",
              "flex": 1,
              "justifyContent": "center",
            }
          }
        >
          <Icon
            allowFontScaling={false}
            name="search"
            size={20}
          />
        </TouchableOpacity>,
        <TouchableOpacity
          activeOpacity={0.2}
          onPress={[MockFunction]}
          style={
            Object {
              "alignItems": "center",
              "backgroundColor": "transparent",
              "flex": 1,
              "justifyContent": "center",
            }
          }
        >
          <Icon
            allowFontScaling={false}
            name="center-focus-strong"
            size={20}
            style={Object {}}
          />
        </TouchableOpacity>,
        <TouchableOpacity
          activeOpacity={0.2}
          onPress={[MockFunction]}
          style={
            Object {
              "alignItems": "center",
              "backgroundColor": "transparent",
              "flex": 1,
              "justifyContent": "center",
            }
          }
        >
          <Icon
            allowFontScaling={false}
            name="info-outline"
            size={20}
          />
        </TouchableOpacity>,
        <TouchableOpacity
          activeOpacity={0.2}
          onPress={[MockFunction]}
          style={
            Object {
              "alignItems": "center",
              "backgroundColor": "transparent",
              "flex": 1,
              "justifyContent": "center",
            }
          }
        >
          <Icon
            allowFontScaling={false}
            name="menu"
            size={20}
          />
        </TouchableOpacity>,
      ],
      "style": Object {
        "backgroundColor": "rgba(255,255,255,.95)",
        "flex": 1,
        "flexDirection": "row",
        "height": 50,
      },
    },
    "ref": null,
    "rendered": Array [
      Object {
        "instance": null,
        "key": undefined,
        "nodeType": "class",
        "props": Object {
          "activeOpacity": 0.2,
          "children": <Icon
            allowFontScaling={false}
            name="search"
            size={20}
          />,
          "onPress": [MockFunction],
          "style": Object {
            "alignItems": "center",
            "backgroundColor": "transparent",
            "flex": 1,
            "justifyContent": "center",
          },
        },
        "ref": null,
        "rendered": Object {
          "instance": null,
          "key": undefined,
          "nodeType": "class",
          "props": Object {
            "allowFontScaling": false,
            "name": "search",
            "size": 20,
          },
          "ref": null,
          "rendered": null,
          "type": [Function],
        },
        "type": [Function],
      },
      Object {
        "instance": null,
        "key": undefined,
        "nodeType": "class",
        "props": Object {
          "activeOpacity": 0.2,
          "children": <Icon
            allowFontScaling={false}
            name="center-focus-strong"
            size={20}
            style={Object {}}
          />,
          "onPress": [MockFunction],
          "style": Object {
            "alignItems": "center",
            "backgroundColor": "transparent",
            "flex": 1,
            "justifyContent": "center",
          },
        },
        "ref": null,
        "rendered": Object {
          "instance": null,
          "key": undefined,
          "nodeType": "class",
          "props": Object {
            "allowFontScaling": false,
            "name": "center-focus-strong",
            "size": 20,
            "style": Object {},
          },
          "ref": null,
          "rendered": null,
          "type": [Function],
        },
        "type": [Function],
      },
      Object {
        "instance": null,
        "key": undefined,
        "nodeType": "class",
        "props": Object {
          "activeOpacity": 0.2,
          "children": <Icon
            allowFontScaling={false}
            name="info-outline"
            size={20}
          />,
          "onPress": [MockFunction],
          "style": Object {
            "alignItems": "center",
            "backgroundColor": "transparent",
            "flex": 1,
            "justifyContent": "center",
          },
        },
        "ref": null,
        "rendered": Object {
          "instance": null,
          "key": undefined,
          "nodeType": "class",
          "props": Object {
            "allowFontScaling": false,
            "name": "info-outline",
            "size": 20,
          },
          "ref": null,
          "rendered": null,
          "type": [Function],
        },
        "type": [Function],
      },
      Object {
        "instance": null,
        "key": undefined,
        "nodeType": "class",
        "props": Object {
          "activeOpacity": 0.2,
          "children": <Icon
            allowFontScaling={false}
            name="menu"
            size={20}
          />,
          "onPress": [MockFunction],
          "style": Object {
            "alignItems": "center",
            "backgroundColor": "transparent",
            "flex": 1,
            "justifyContent": "center",
          },
        },
        "ref": null,
        "rendered": Object {
          "instance": null,
          "key": undefined,
          "nodeType": "class",
          "props": Object {
            "allowFontScaling": false,
            "name": "menu",
            "size": 20,
          },
          "ref": null,
          "rendered": null,
          "type": [Function],
        },
        "type": [Function],
      },
    ],
    "type": [Function],
  },
  Symbol(enzyme.__nodes__): Array [
    Object {
      "instance": null,
      "key": undefined,
      "nodeType": "class",
      "props": Object {
        "children": Array [
          <TouchableOpacity
            activeOpacity={0.2}
            onPress={[MockFunction]}
            style={
              Object {
                "alignItems": "center",
                "backgroundColor": "transparent",
                "flex": 1,
                "justifyContent": "center",
              }
            }
          >
            <Icon
              allowFontScaling={false}
              name="search"
              size={20}
            />
          </TouchableOpacity>,
          <TouchableOpacity
            activeOpacity={0.2}
            onPress={[MockFunction]}
            style={
              Object {
                "alignItems": "center",
                "backgroundColor": "transparent",
                "flex": 1,
                "justifyContent": "center",
              }
            }
          >
            <Icon
              allowFontScaling={false}
              name="center-focus-strong"
              size={20}
              style={Object {}}
            />
          </TouchableOpacity>,
          <TouchableOpacity
            activeOpacity={0.2}
            onPress={[MockFunction]}
            style={
              Object {
                "alignItems": "center",
                "backgroundColor": "transparent",
                "flex": 1,
                "justifyContent": "center",
              }
            }
          >
            <Icon
              allowFontScaling={false}
              name="info-outline"
              size={20}
            />
          </TouchableOpacity>,
          <TouchableOpacity
            activeOpacity={0.2}
            onPress={[MockFunction]}
            style={
              Object {
                "alignItems": "center",
                "backgroundColor": "transparent",
                "flex": 1,
                "justifyContent": "center",
              }
            }
          >
            <Icon
              allowFontScaling={false}
              name="menu"
              size={20}
            />
          </TouchableOpacity>,
        ],
        "style": Object {
          "backgroundColor": "rgba(255,255,255,.95)",
          "flex": 1,
          "flexDirection": "row",
          "height": 50,
        },
      },
      "ref": null,
      "rendered": Array [
        Object {
          "instance": null,
          "key": undefined,
          "nodeType": "class",
          "props": Object {
            "activeOpacity": 0.2,
            "children": <Icon
              allowFontScaling={false}
              name="search"
              size={20}
            />,
            "onPress": [MockFunction],
            "style": Object {
              "alignItems": "center",
              "backgroundColor": "transparent",
              "flex": 1,
              "justifyContent": "center",
            },
          },
          "ref": null,
          "rendered": Object {
            "instance": null,
            "key": undefined,
            "nodeType": "class",
            "props": Object {
              "allowFontScaling": false,
              "name": "search",
              "size": 20,
            },
            "ref": null,
            "rendered": null,
            "type": [Function],
          },
          "type": [Function],
        },
        Object {
          "instance": null,
          "key": undefined,
          "nodeType": "class",
          "props": Object {
            "activeOpacity": 0.2,
            "children": <Icon
              allowFontScaling={false}
              name="center-focus-strong"
              size={20}
              style={Object {}}
            />,
            "onPress": [MockFunction],
            "style": Object {
              "alignItems": "center",
              "backgroundColor": "transparent",
              "flex": 1,
              "justifyContent": "center",
            },
          },
          "ref": null,
          "rendered": Object {
            "instance": null,
            "key": undefined,
            "nodeType": "class",
            "props": Object {
              "allowFontScaling": false,
              "name": "center-focus-strong",
              "size": 20,
              "style": Object {},
            },
            "ref": null,
            "rendered": null,
            "type": [Function],
          },
          "type": [Function],
        },
        Object {
          "instance": null,
          "key": undefined,
          "nodeType": "class",
          "props": Object {
            "activeOpacity": 0.2,
            "children": <Icon
              allowFontScaling={false}
              name="info-outline"
              size={20}
            />,
            "onPress": [MockFunction],
            "style": Object {
              "alignItems": "center",
              "backgroundColor": "transparent",
              "flex": 1,
              "justifyContent": "center",
            },
          },
          "ref": null,
          "rendered": Object {
            "instance": null,
            "key": undefined,
            "nodeType": "class",
            "props": Object {
              "allowFontScaling": false,
              "name": "info-outline",
              "size": 20,
            },
            "ref": null,
            "rendered": null,
            "type": [Function],
          },
          "type": [Function],
        },
        Object {
          "instance": null,
          "key": undefined,
          "nodeType": "class",
          "props": Object {
            "activeOpacity": 0.2,
            "children": <Icon
              allowFontScaling={false}
              name="menu"
              size={20}
            />,
            "onPress": [MockFunction],
            "style": Object {
              "alignItems": "center",
              "backgroundColor": "transparent",
              "flex": 1,
              "justifyContent": "center",
            },
          },
          "ref": null,
          "rendered": Object {
            "instance": null,
            "key": undefined,
            "nodeType": "class",
            "props": Object {
              "allowFontScaling": false,
              "name": "menu",
              "size": 20,
            },
            "ref": null,
            "rendered": null,
            "type": [Function],
          },
          "type": [Function],
        },
      ],
      "type": [Function],
    },
  ],
  Symbol(enzyme.__options__): Object {
    "adapter": ReactSixteenAdapter {
      "options": Object {
        "enableComponentDidUpdateOnSetState": true,
      },
    },
  },
}
`;
